Wot, Wot, Wot, Wot, Wot, Wot, Wot, Wot, Wot, Wot, Wot, Wot, Wwt, Wot, Wwt, Wot, Wwt, Wot, Wwt, Wot, Wwt, Wot, Wwt, Wot, Wot, Wot, Wot
Wot, Wot, Wot, Wot, Wot, Wot, Wot, Wot, Wot, Wot, Wwt, Wwt, Wwt, Wwt, Wwt, Wwt, Wwt, Wwt, Wwt, Wwt, Wwt, Wwt, Wwt, Wwt, Wwt, Wot, Wwt
Wot, Wot, Wot, Wot, Wot, Wot, Wot, Wot, Wot, Wwt, Wwt, Wwt, Hhd, Wwrt, Hhd, Hhd, Hhd, Hhd, Wwt, Hhd, Hhd, Ce, Ke, Wwt, Wwt, Ds, Ds
Wot, Wot, Wot, Wot, Wot, Wot, Wwt, Wwt, Wwt, Wwt, Wwrt, Hhd, Hhd, Hhd, Hhd, Md, Md, Hhd, Hhd, Hhd, Ds, Ce, Ce, Ce, Wwt, Ds, Wwt
Wot, Wot, Wot, Wot, Wot, Wot, Wwt, Wwrt, Hhd, Wwrt, Hhd, Rd^Vd, Hhd, Hhd, Hhd, Md, Hhd, Hhd, Rd, Rd, Dd, Ds, Ds, Ds, Wwt, Wwt, Wwt
Wot, Wot, Wot, Wot, Wot, Wwt, Wwt, Hhd, Md, Hhd, Hhd, Md, Md, Md, Hhd, Hhd, Hhd, Hhd, Rd, Ds, Dd, Dd, Ds, Ds^Esd, Wwt, Wwt, Wot
Wot, Wot, Wwt, Wwt, Wwt, Wwrt, Wwt, Hhd, Hhd, Md, Md, Md, Md, Hhd, Hhd, Hhd, Ds, Rd, Ds, Ds, Ds, Ds, Ds, Wwt, Wwt, Wot, Wot
Wot, Wot, Wwrt, Hhd, Hhd, Wwt, Wwrt, Wwrt, Md, Md, Md, Md, Md, Md, Hhd, Hhd, Gd, Ds, Ds, Dd, Dd, Ds, Wwt, Wwt, Wot, Wot, Wot
Wwt, Wwt, Hhd, Hhd, Wwt, Wwt, Wwt, Wwrt, Md, Md, Md, Md, Md, Hhd, Hhd, Gd, Ds, Ds, Rd^Vd, Dd^Edpp, Ds, Ds^Esd, Wwt, Wwt, Wot, Wot, Wot
Wwrt, Md, Md, Md, Wwt, Wwt, Hhd, Hhd, Md, Md, Md, Md, Hhd, Hhd, Gs, Gd, Ds, Dd, Dd, Ds, Ds, Ds^Esd, Wwt, Wwt, Wwt, Wot, Wot
Hhd, Hhd, Md, Md, Hhd, Wwt, Wwt, Hhd, Md, 3 Md, Md, Md, Gs^Ft, Gs, Gs^Ft, Gd, Gd, Dd, Ds, Ds, Wwrt, Wwrt, Dd, Ds, Wwrt, Wwt, Wot
Wwrt, Hhd, Hhd, Hhd, Wwrt, Wwt, Wwrt, Md, Md, Md, Md, Gs^Ft, Rd^Vd, Gs^Ft, Gs, Gs, Gd, Dd^Do, Ds, Wwt, Wwt, Ds, Ds, Ds^Esd, Wwt, Wot, Wot
Wwt, Wwt, Wwt, Wwrt, Hhd, Wwrt, Hhd, Md, Md, Md, Gs^Ft, Wwrt, Wwt^Ewf, Gs^Ft, Gs, 1 Gs, Ds, Ds, Wwt, Wwrt, Wwt, Wwrt, Wwrt, Wwrt, Wwt, Wot, Wot
Wot, Wot, Wwt, Wwt, Hhd, Hhd, Md, Md, Md, Md, Gs^Ft, Rd^Vd, Gs^Ft, Wwt, Wwt, Wwt, Wwt, Ds, Wwt, Wwt, Wwt, Wwt, Wot, Wwt, Wot, Wot, Wot
Wot, Wot, Wwt, Hhd, Wwrt, Hhd, Hhd, Md, Md, Md, Hhd, Gs^Ft, Gs, Gs, Wwt, Wot^Vm, Wwt, Wwt, Ds, Ds, Ds, Wwt, Wwt, Wot, Wot, Wot, Wot
Wot, Wot, Wot, Wwt, Wwt, Wwrt, Wwrt, Hhd, Md, Md, Hhd, Gs^Ft, Gs, 2 Gs, Ds, Wwt, Ds, Ds, Dd, Ds, Ds, Wwt, Wwt, Wot, Wot, Wot, Wot
Wot, Wot, Wwt, Wwrt, Md, Hhd, Wwt, Hhd, Hhd, Hhd, Gd, Gd, Gd, Gd, Ds, Ds, Ds, Dd, Dd^Edpp, Ds, Wwt, Wwt, Wot, Wot, Wot, Wot, Wot
Wot, Wot, Wwt, Hhd, Md, Md, Wwt, Wwt, Hhd, Hhd, Hhd, Ds, Dd, Dd, Dd^Do, Ds, Wwt, Ds, Ds^Esd, Ds, Wwt, Wwt, Wwt, Wot, Wot, Wot, Wot
Wot, Wot, Wwt, Hhd, Wwrt, Hhd, Wwt, Hhd, Hhd, Hhd, Rd, Ds, Ds, Dd, Ds, Ds, Wwt, Ds, Ds, Wwt, Wwt, Wwt, Wwt, Wot, Wot, Wot, Wot
Wot, Wot, Wwt, Wwt, Wwt, Wwt, Wwrt, Wwrt, Hhd, Hhd, Rd, Ds, Rd^Vd, Ds, Dd, Ds, Ds, Wwrt, Wwrt, Wwrt, Ds, Ds, Ds, Wwt, Wwt, Wot, Wot
Wot, Wot, Wot, Wot, Wwt, Wwt, Wwrt, Hhd, Hhd, Rd, Dd^Edpp, Ds, Ds, Ds, Dd, Dd, Ds^Esd, Ds, Wwrt, Ds, Dd, Ds, Ds, Wwt, Wwt, Wot, Wot
Wot, Wot, Wot, Wot, Wot, Wwt, Wwt, Ds, Ds, Ds, Dd, Dd, Ds, Ds, Ds, Dd, Ds^Esd, Wwt, Ds, Ds, Rd^Vd, Dd^Edpp, Dd, Ds, Wwrt, Wwt, Wot
Wot, Wot, Wot, Wot, Wot, Wwt, Wwt, Wwt, Ds, Dd, Dd, Ds, Ds, Ds, Wwrt, Ds, Wwt, Wwt, Ds, Ds, Ds, Dd, Ds, Ds, Wwrt, Wwt, Wot
Wot, Wot, Wot, Wot, Wot, Wot, Wwt, Ds, Dd, Dd, Ds, Ds, Wwt, Wwrt, Wwt, Wwt, Wot, Wwt, Wwt, Ds, Wwrt, Ds, Ds, Ds, Wwt, Wwt, Wot
Wot, Wot, Wot, Wot, Wwt, Wwt, Ce, Ce, Ce, Dd, Ds, Ds^Esd, Wwt, Wwt, Wwt, Wwt, Wot, Wwt, Wwt, Wwt, Wwt, Wwt, Wwt, Wwt, Wwt, Wwt, Wot
Wot, Wot, Wot, Wot, Wwt, Wwt, Wwt, Ke, Ce, Ds, Ds, Wwt, Wwt, Wot, Wot, Wot, Wot, Wot, Wot, Wwt, Wot, Wwt, Wot, Wwt, Wot, Wot, Wot
Wot, Wot, Wot, Wot, Wot, Wwt, Wwt, Wwt, Wwt, Ds^Esd, Wwt, Wwt, Wwt, Wot, Wot, Wot, Wot, Wot, Wot, Wot, Wot, Wot, Wot, Wot, Wot, Wot, Wot
Wot, Wot, Wot, Wot, Wot, Wwt, Wot, Wwt, Wot, Wwt, Wot, Wot, Wot, Wot, Wot, Wot, Wot, Wot, Wot, Wot, Wot, Wot, Wot, Wot, Wot, Wot, Wot
